15 13
99 
6 20
20 95
40 
1 39
1 39
18 78
83 77
88 80
83 77
13 7
78 5
83 77
83 77
49 62
16 40
21 56
98 91
22 86
4 96
77 21
86 85
6 20
88 80
52 70
24 63
27 47
18 78
60 3
1 39
15 13
20 95
11 88
30 28
7 93
85 9
30 28
90 84
64 84
42 99
37 48
16 40
72 56
30 28
30 28
3 64
18 78
0 15
54 48
92 49
9 90
78 5
36 56
55 90
63 11
100 31
4 96
85 9
65 77
53 100
20 95
47 34
37 48
5 40
78 5
87 78
16 40
78 5
91 2
52 70
63 11
2 17
17 12
53 100
12 64
77 21
11 88
38 10
5 40
15 13
77 21
73 1
100 31
71 55
2 17
72 56
8 94
16 40
29 90
70 89
67 93
56 40
70 89
18 78
49 62
53 100
29 90
46 41
18 78
 
